Archive member included to satisfy reference by file (symbol)

c:/program files (x86)/atmel/studio/7.0/toolchain/avr8/avr8-gnu-toolchain/bin/../lib/gcc/avr/5.4.0/../../../../avr/lib/avr5\libm.a(addsf3.o)
                              Menu/menu.o (__subsf3)
c:/program files (x86)/atmel/studio/7.0/toolchain/avr8/avr8-gnu-toolchain/bin/../lib/gcc/avr/5.4.0/../../../../avr/lib/avr5\libm.a(addsf3x.o)
                              c:/program files (x86)/atmel/studio/7.0/toolchain/avr8/avr8-gnu-toolchain/bin/../lib/gcc/avr/5.4.0/../../../../avr/lib/avr5\libm.a(addsf3.o) (__addsf3x)
c:/program files (x86)/atmel/studio/7.0/toolchain/avr8/avr8-gnu-toolchain/bin/../lib/gcc/avr/5.4.0/../../../../avr/lib/avr5\libm.a(divsf3.o)
                              Read_Temp/read_temp.o (__divsf3)
c:/program files (x86)/atmel/studio/7.0/toolchain/avr8/avr8-gnu-toolchain/bin/../lib/gcc/avr/5.4.0/../../../../avr/lib/avr5\libm.a(divsf3x.o)
                              c:/program files (x86)/atmel/studio/7.0/toolchain/avr8/avr8-gnu-toolchain/bin/../lib/gcc/avr/5.4.0/../../../../avr/lib/avr5\libm.a(divsf3.o) (__divsf3x)
c:/program files (x86)/atmel/studio/7.0/toolchain/avr8/avr8-gnu-toolchain/bin/../lib/gcc/avr/5.4.0/../../../../avr/lib/avr5\libm.a(fixsfsi.o)
                              Sketch.o (__fixsfsi)
c:/program files (x86)/atmel/studio/7.0/toolchain/avr8/avr8-gnu-toolchain/bin/../lib/gcc/avr/5.4.0/../../../../avr/lib/avr5\libm.a(fixunssfsi.o)
                              c:/program files (x86)/atmel/studio/7.0/toolchain/avr8/avr8-gnu-toolchain/bin/../lib/gcc/avr/5.4.0/../../../../avr/lib/avr5\libm.a(fixsfsi.o) (__fixunssfsi)
c:/program files (x86)/atmel/studio/7.0/toolchain/avr8/avr8-gnu-toolchain/bin/../lib/gcc/avr/5.4.0/../../../../avr/lib/avr5\libm.a(floatsisf.o)
                              Sketch.o (__floatunsisf)
c:/program files (x86)/atmel/studio/7.0/toolchain/avr8/avr8-gnu-toolchain/bin/../lib/gcc/avr/5.4.0/../../../../avr/lib/avr5\libm.a(fp_inf.o)
                              c:/program files (x86)/atmel/studio/7.0/toolchain/avr8/avr8-gnu-toolchain/bin/../lib/gcc/avr/5.4.0/../../../../avr/lib/avr5\libm.a(addsf3x.o) (__fp_inf)
c:/program files (x86)/atmel/studio/7.0/toolchain/avr8/avr8-gnu-toolchain/bin/../lib/gcc/avr/5.4.0/../../../../avr/lib/avr5\libm.a(fp_nan.o)
                              c:/program files (x86)/atmel/studio/7.0/toolchain/avr8/avr8-gnu-toolchain/bin/../lib/gcc/avr/5.4.0/../../../../avr/lib/avr5\libm.a(addsf3x.o) (__fp_nan)
c:/program files (x86)/atmel/studio/7.0/toolchain/avr8/avr8-gnu-toolchain/bin/../lib/gcc/avr/5.4.0/../../../../avr/lib/avr5\libm.a(fp_pscA.o)
                              c:/program files (x86)/atmel/studio/7.0/toolchain/avr8/avr8-gnu-toolchain/bin/../lib/gcc/avr/5.4.0/../../../../avr/lib/avr5\libm.a(addsf3x.o) (__fp_pscA)
c:/program files (x86)/atmel/studio/7.0/toolchain/avr8/avr8-gnu-toolchain/bin/../lib/gcc/avr/5.4.0/../../../../avr/lib/avr5\libm.a(fp_pscB.o)
                              c:/program files (x86)/atmel/studio/7.0/toolchain/avr8/avr8-gnu-toolchain/bin/../lib/gcc/avr/5.4.0/../../../../avr/lib/avr5\libm.a(addsf3x.o) (__fp_pscB)
c:/program files (x86)/atmel/studio/7.0/toolchain/avr8/avr8-gnu-toolchain/bin/../lib/gcc/avr/5.4.0/../../../../avr/lib/avr5\libm.a(fp_round.o)
                              c:/program files (x86)/atmel/studio/7.0/toolchain/avr8/avr8-gnu-toolchain/bin/../lib/gcc/avr/5.4.0/../../../../avr/lib/avr5\libm.a(addsf3.o) (__fp_round)
c:/program files (x86)/atmel/studio/7.0/toolchain/avr8/avr8-gnu-toolchain/bin/../lib/gcc/avr/5.4.0/../../../../avr/lib/avr5\libm.a(fp_split3.o)
                              c:/program files (x86)/atmel/studio/7.0/toolchain/avr8/avr8-gnu-toolchain/bin/../lib/gcc/avr/5.4.0/../../../../avr/lib/avr5\libm.a(addsf3x.o) (__fp_split3)
c:/program files (x86)/atmel/studio/7.0/toolchain/avr8/avr8-gnu-toolchain/bin/../lib/gcc/avr/5.4.0/../../../../avr/lib/avr5\libm.a(fp_zero.o)
                              c:/program files (x86)/atmel/studio/7.0/toolchain/avr8/avr8-gnu-toolchain/bin/../lib/gcc/avr/5.4.0/../../../../avr/lib/avr5\libm.a(addsf3x.o) (__fp_zero)
c:/program files (x86)/atmel/studio/7.0/toolchain/avr8/avr8-gnu-toolchain/bin/../lib/gcc/avr/5.4.0/../../../../avr/lib/avr5\libm.a(mulsf3.o)
                              Read_Temp/read_temp.o (__mulsf3)
c:/program files (x86)/atmel/studio/7.0/toolchain/avr8/avr8-gnu-toolchain/bin/../lib/gcc/avr/5.4.0/../../../../avr/lib/avr5\libm.a(mulsf3x.o)
                              c:/program files (x86)/atmel/studio/7.0/toolchain/avr8/avr8-gnu-toolchain/bin/../lib/gcc/avr/5.4.0/../../../../avr/lib/avr5\libm.a(mulsf3.o) (__mulsf3x)
C:\Users\Denis\Desktop\PS2\PS2\ArduinoCore\Debug\libArduinoCore.a(HardwareSerial.o)
                              Sketch.o (_ZN14HardwareSerial5beginEmh)
C:\Users\Denis\Desktop\PS2\PS2\ArduinoCore\Debug\libArduinoCore.a(HardwareSerial0.o)
                              Sketch.o (Serial)
[...]
Memory Configuration

Name             Origin             Length             Attributes
text             0x00000000         0x00020000         xr
data             0x00800060         0x0000ffa0         rw !x
eeprom           0x00810000         0x00010000         rw !x
fuse             0x00820000         0x00000003         rw !x
lock             0x00830000         0x00000400         rw !x
signature        0x00840000         0x00000400         rw !x
user_signatures  0x00850000         0x00000400         rw !x
*default*        0x00000000         0xffffffff

Linker script and memory map

Address of section .data set to 0x800100
LOAD c:/program files (x86)/atmel/studio/7.0/toolchain/avr8/avr8-gnu-toolchain/bin/../lib/gcc/avr/5.4.0/../../../../avr/lib/avr5/crtatmega328p.o
LOAD EEPROM_Save/EEPROMsave_Structure.o
LOAD Menu/menu.o
LOAD Read_Temp/read_temp.o
LOAD Sketch.o
START GROUP
LOAD c:/program files (x86)/atmel/studio/7.0/toolchain/avr8/avr8-gnu-toolchain/bin/../lib/gcc/avr/5.4.0/../../../../avr/lib/avr5\libm.a
LOAD C:\Users\Denis\Desktop\PS2\PS2\ArduinoCore\Debug\libArduinoCore.a
END GROUP
LOAD c:/program files (x86)/atmel/studio/7.0/toolchain/avr8/avr8-gnu-toolchain/bin/../lib/gcc/avr/5.4.0/avr5\libgcc.a
LOAD c:/program files (x86)/atmel/studio/7.0/toolchain/avr8/avr8-gnu-toolchain/bin/../lib/gcc/avr/5.4.0/../../../../avr/lib/avr5\libm.a
START GROUP
LOAD c:/program files (x86)/atmel/studio/7.0/toolchain/avr8/avr8-gnu-toolchain/bin/../lib/gcc/avr/5.4.0/avr5\libgcc.a
LOAD c:/program files (x86)/atmel/studio/7.0/toolchain/avr8/avr8-gnu-toolchain/bin/../lib/gcc/avr/5.4.0/../../../../avr/lib/avr5\libm.a
LOAD c:/program files (x86)/atmel/studio/7.0/toolchain/avr8/avr8-gnu-toolchain/bin/../lib/gcc/avr/5.4.0/../../../../avr/lib/avr5\libc.a
LOAD c:/program files (x86)/atmel/studio/7.0/toolchain/avr8/avr8-gnu-toolchain/bin/../lib/gcc/avr/5.4.0/../../../../avr/lib/avr5\libatmega328p.a
END GROUP
                0x00020000                __TEXT_REGION_LENGTH__ = DEFINED (__TEXT_REGION_LENGTH__)?__TEXT_REGION_LENGTH__:0x20000
                0x0000ffa0                __DATA_REGION_LENGTH__ = DEFINED (__DATA_REGION_LENGTH__)?__DATA_REGION_LENGTH__:0xffa0
                0x00010000                __EEPROM_REGION_LENGTH__ = DEFINED (__EEPROM_REGION_LENGTH__)?__EEPROM_REGION_LENGTH__:0x10000
                [0x00000003]                __FUSE_REGION_LENGTH__ = DEFINED (__FUSE_REGION_LENGTH__)?__FUSE_REGION_LENGTH__:0x400
                0x00000400                __LOCK_REGION_LENGTH__ = DEFINED (__LOCK_REGION_LENGTH__)?__LOCK_REGION_LENGTH__:0x400
                0x00000400                __SIGNATURE_REGION_LENGTH__ = DEFINED (__SIGNATURE_REGION_LENGTH__)?__SIGNATURE_REGION_LENGTH__:0x400
                0x00000400                __USER_SIGNATURE_REGION_LENGTH__ = DEFINED (__USER_SIGNATURE_REGION_LENGTH__)?__USER_SIGNATURE_REGION_LENGTH__:0x400

.hash
 *(.hash)

.dynsym
 *(.dynsym)

.dynstr
 *(.dynstr)

.gnu.version
 *(.gnu.version)

.gnu.version_d
 *(.gnu.version_d)

.gnu.version_r
 *(.gnu.version_r)

.rel.init
 *(.rel.init)

.rela.init
 *(.rela.init)

.rel.text
 *(.rel.text)
 *(.rel.text.*)
 *(.rel.gnu.linkonce.t*)

.rela.text
 *(.rela.text)
 *(.rela.text.*)
 *(.rela.gnu.linkonce.t*)

.rel.fini
 *(.rel.fini)

.rela.fini
 *(.rela.fini)

.rel.rodata
 *(.rel.rodata)
 *(.rel.rodata.*)
 *(.rel.gnu.linkonce.r*)

.rela.rodata
 *(.rela.rodata)
 *(.rela.rodata.*)
 *(.rela.gnu.linkonce.r*)

.rel.data
 *(.rel.data)
 *(.rel.data.*)
 *(.rel.gnu.linkonce.d*)

.rela.data
 *(.rela.data)
 *(.rela.data.*)
 *(.rela.gnu.linkonce.d*)

.rel.ctors
 *(.rel.ctors)

.rela.ctors
 *(.rela.ctors)

.rel.dtors
 *(.rel.dtors)

.rela.dtors
 *(.rela.dtors)

.rel.got
 *(.rel.got)

.rela.got
 *(.rela.got)

.rel.bss
 *(.rel.bss)

.rela.bss
 *(.rela.bss)

.rel.plt
 *(.rel.plt)

.rela.plt
 *(.rela.plt)

.text           0x00000000     0x3826
 *(.vectors)
 .vectors       0x00000000       0x68 c:/program files (x86)/atmel/studio/7.0/toolchain/avr8/avr8-gnu-toolchain/bin/../lib/gcc/avr/5.4.0/../../../../avr/lib/avr5/crtatmega328p.o
                0x00000000                __vector_default
                0x00000000                __vectors
 *(.vectors)
 *(.progmem.gcc*)
 .progmem.gcc_sw_table._Z15operateMainMenuP10T_E_SCREENP10T_E_BUTTON
                0x00000068       0x10 Menu/menu.o
                0x00000078                . = ALIGN (0x2)
                0x00000078                __trampolines_start = .
 *(.trampolines)
 .trampolines   0x00000078        0x0 linker stubs
 *(.trampolines*)
                0x00000078                __trampolines_end = .
 *libprintf_flt.a:*(.progmem.data)
 *libc.a:*(.progmem.data)
 *(.progmem*)
 .progmem.data.digital_pin_to_timer_PGM
                0x00000078       0x14 C:\Users\Denis\Desktop\PS2\PS2\ArduinoCore\Debug\libArduinoCore.a(wiring_digital.o)
                0x00000078                digital_pin_to_timer_PGM
 .progmem.data.digital_pin_to_bit_mask_PGM
                0x0000008c       0x14 C:\Users\Denis\Desktop\PS2\PS2\ArduinoCore\Debug\libArduinoCore.a(wiring_digital.o)
                0x0000008c                digital_pin_to_bit_mask_PGM
 .progmem.data.digital_pin_to_port_PGM
                0x000000a0       0x14 C:\Users\Denis\Desktop\PS2\PS2\ArduinoCore\Debug\libArduinoCore.a(wiring_digital.o)
                0x000000a0                digital_pin_to_port_PGM
 .progmem.data.port_to_output_PGM
                0x000000b4        0xa C:\Users\Denis\Desktop\PS2\PS2\ArduinoCore\Debug\libArduinoCore.a(wiring_digital.o)
                0x000000b4                port_to_output_PGM
 .progmem.data.port_to_mode_PGM
                0x000000be        0xa C:\Users\Denis\Desktop\PS2\PS2\ArduinoCore\Debug\libArduinoCore.a(wiring_digital.o)
                0x000000be                port_to_mode_PGM
                0x000000c8                . = ALIGN (0x2)
 *(.jumptables)
 *(.jumptables*)
 *(.lowtext)
 *(.lowtext*)
                0x000000c8                __ctors_start = .
 *(.ctors)
 .ctors         0x000000c8        0x2 Menu/menu.o
 .ctors         0x000000ca        0x2 Sketch.o
 .ctors         0x000000cc        0x2 C:\Users\Denis\Desktop\PS2\PS2\ArduinoCore\Debug\libArduinoCore.a(HardwareSerial0.o)
                0x000000ce                __ctors_end = .
                0x000000ce                __dtors_start = .
 *(.dtors)
 .dtors         0x000000ce        0x2 Menu/menu.o
                0x000000d0                __dtors_end = .
 SORT(*)(.ctors)
 SORT(*)(.dtors)
 *(.init0)
 .init0         0x000000d0        0x0 c:/program files (x86)/atmel/studio/7.0/toolchain/avr8/avr8-gnu-toolchain/bin/../lib/gcc/avr/5.4.0/../../../../avr/lib/avr5/crtatmega328p.o
                0x000000d0                __init
 *(.init0)
 *(.init1)
 *(.init1)
 *(.init2)
 .init2         0x000000d0        0xc c:/program files (x86)/atmel/studio/7.0/toolchain/avr8/avr8-gnu-toolchain/bin/../lib/gcc/avr/5.4.0/../../../../avr/lib/avr5/crtatmega328p.o
 *(.init2)
 *(.init3)
 *(.init3)
 *(.init4)
 .init4         0x000000dc       0x16 c:/program files (x86)/atmel/studio/7.0/toolchain/avr8/avr8-gnu-toolchain/bin/../lib/gcc/avr/5.4.0/avr5\libgcc.a(_copy_data.o)
                0x000000dc                __do_copy_data
 .init4         0x000000f2       0x10 c:/program files (x86)/atmel/studio/7.0/toolchain/avr8/avr8-gnu-toolchain/bin/../lib/gcc/avr/5.4.0/avr5\libgcc.a(_clear_bss.o)
                0x000000f2                __do_clear_bss
 *(.init4)
 *(.init5)
 *(.init5)
 *(.init6)
 .init6         0x00000102       0x16 c:/program files (x86)/atmel/studio/7.0/toolchain/avr8/avr8-gnu-toolchain/bin/../lib/gcc/avr/5.4.0/avr5\libgcc.a(_ctors.o)
                0x00000102                __do_global_ctors
 *(.init6)
 *(.init7)
 *(.init7)
 *(.init8)
 *(.init8)
 *(.init9)
 .init9         0x00000118        0x8 c:/program files (x86)/atmel/studio/7.0/toolchain/avr8/avr8-gnu-toolchain/bin/../lib/gcc/avr/5.4.0/../../../../avr/lib/avr5/crtatmega328p.o
 *(.init9)
 *(.text)
 .text          0x00000120        0x4 c:/program files (x86)/atmel/studio/7.0/toolchain/avr8/avr8-gnu-toolchain/bin/../lib/gcc/avr/5.4.0/../../../../avr/lib/avr5/crtatmega328p.o
                0x00000120                __vector_22
                0x00000120                __vector_1
                0x00000120                __vector_24
                0x00000120                __vector_12
                0x00000120                __bad_interrupt
                0x00000120                __vector_6
                0x00000120                __vector_3
                0x00000120                __vector_23
                0x00000120                __vector_25
                0x00000120                __vector_11
                0x00000120                __vector_13
                0x00000120                __vector_17
                0x00000120                __vector_7
                0x00000120                __vector_5
                0x00000120                __vector_4
                0x00000120                __vector_9
                0x00000120                __vector_2
                0x00000120                __vector_21
                0x00000120                __vector_15
                0x00000120                __vector_8
                0x00000120                __vector_14
                0x00000120                __vector_10
                0x00000120                __vector_20
                0x00000124                . = ALIGN (0x2)
 *(.text.*)
 .text._Z10eepromReadtP11TempControlt
                0x00000124       0x3c EEPROM_Save/EEPROMsave_Structure.o
                0x00000124                _Z10eepromReadtP11TempControlt
 .text._Z11eepromWritetP11TempControlt
                0x00000160       0x3c EEPROM_Save/EEPROMsave_Structure.o
                0x00000160                _Z11eepromWritetP11TempControlt
 .text._ZN11EEPROMClass5writeEih.isra.1.constprop.3
                0x0000019c        0xa Menu/menu.o
 .text._Z12init_displayv
                0x000001a6       0x16 Menu/menu.o
                0x000001a6                _Z12init_displayv
 .text._Z13LCD_creteCharv
                0x000001bc       0x2a Menu/menu.o
                0x000001bc                _Z13LCD_creteCharv
 .text._Z12mainMenuDrawv
                0x000001e6       0xca Menu/menu.o
                0x000001e6                _Z12mainMenuDrawv
 .text._Z10drawCursorv
                0x000002b0       0xba Menu/menu.o
                0x000002b0                _Z10drawCursorv
 .text._Z9getButtoni
                0x0000036a       0x3e Menu/menu.o
                0x0000036a                _Z9getButtoni
 .text._Z6menuKpv
                0x000003a8      0x184 Menu/menu.o
                0x000003a8                _Z6menuKpv
 .text._Z6menuKiv
                0x0000052c      0x184 Menu/menu.o
                0x0000052c                _Z6menuKiv
 .text._Z6menuKdv
                0x000006b0      0x184 Menu/menu.o
                0x000006b0                _Z6menuKdv
 .text._Z11menuTempSetv
                0x00000834      0x134 Menu/menu.o
                0x00000834                _Z11menuTempSetv
 .text._Z8menuTincv
                0x00000968      0x144 Menu/menu.o
                0x00000968                _Z8menuTincv
 .text._Z8menuTmemv
                0x00000aac      0x144 Menu/menu.o
                0x00000aac                _Z8menuTmemv
 .text._Z8menuTracv
                0x00000bf0      0x144 Menu/menu.o
                0x00000bf0                _Z8menuTracv
 .text._Z12factoryResetv
                0x00000d34      0x138 Menu/menu.o
                0x00000d34                _Z12factoryResetv
 .text._Z15operateMainMenuP10T_E_SCREENP10T_E_BUTTON
                0x00000e6c      0x1f6 Menu/menu.o
                0x00000e6c                _Z15operateMainMenuP10T_E_SCREENP10T_E_BUTTON
 .text._Z14readMenuButtonv
                0x00001062       0x3a Menu/menu.o
                0x00001062                _Z14readMenuButtonv
 .text._Z20draw_principalScreenP10T_E_BUTTONPh
                0x0000109c       0x74 Menu/menu.o
                0x0000109c                _Z20draw_principalScreenP10T_E_BUTTONPh
 .text._Z24printCourrentTemperaturef
                0x00001110       0x3c Menu/menu.o
                0x00001110                _Z24printCourrentTemperaturef
 .text._Z11error_printv
                0x0000114c       0x58 Menu/menu.o
                0x0000114c                _Z11error_printv
 .text._Z19get_PID_tempControlv
                0x000011a4       0x12 Menu/menu.o
                0x000011a4                _Z19get_PID_tempControlv
 .text._Z7get_lcdv
                0x000011b6       0x68 Menu/menu.o
                0x000011b6                _Z7get_lcdv
 .text.startup._GLOBAL__sub_I_lcd
                0x0000121e       0x84 Menu/menu.o
 .text.exit._GLOBAL__sub_D_lcd
                0x000012a2       0x1e Menu/menu.o
 .text._Z17read_temp_celsiusv
                0x000012c0       0x7a Read_Temp/read_temp.o
                0x000012c0                _Z17read_temp_celsiusv
 .text._Z9PID_Startv
                0x0000133a       0xe4 Sketch.o
                0x0000133a                _Z9PID_Startv
 .text.setup    0x0000141e       0x2e Sketch.o
                0x0000141e                setup
 .text._Z20TempControllerUpdatev
                0x0000144c       0x42 Sketch.o
                0x0000144c                _Z20TempControllerUpdatev
 .text._Z19Stage_State_Machinev
                0x0000148e      0x260 Sketch.o
                0x0000148e                _Z19Stage_State_Machinev
 .text.loop     0x000016ee       0x56 Sketch.o
                0x000016ee                loop
 .text.startup._GLOBAL__sub_I_screen
                0x00001744       0xb6 Sketch.o
 .text.avr-libc.fplib
                0x000017fa        0xe c:/program files (x86)/atmel/studio/7.0/toolchain/avr8/avr8-gnu-toolchain/bin/../lib/gcc/avr/5.4.0/../../../../avr/lib/avr5\libm.a(addsf3.o)
                0x000017fa                __subsf3
                0x000017fc                __addsf3
 .text.avr-libc.fplib
                0x00001808       0xcc c:/program files (x86)/atmel/studio/7.0/toolchain/avr8/avr8-gnu-toolchain/bin/../lib/gcc/avr/5.4.0/../../../../avr/lib/avr5\libm.a(addsf3x.o)
                0x0000182a                __addsf3x
 .text.avr-libc.fplib
                0x000018d4        0x8 c:/program files (x86)/atmel/studio/7.0/toolchain/avr8/avr8-gnu-toolchain/bin/../lib/gcc/avr/5.4.0/../../../../avr/lib/avr5\libm.a(divsf3.o)
                0x000018d4                __divsf3
 .text.avr-libc.fplib
                0x000018dc       0xdc c:/program files (x86)/atmel/studio/7.0/toolchain/avr8/avr8-gnu-toolchain/bin/../lib/gcc/avr/5.4.0/../../../../avr/lib/avr5\libm.a(divsf3x.o)
                0x000018fc                __divsf3x
                0x00001902                __divsf3_pse
 .text.avr-libc.fplib
                0x000019b8        0xe c:/program files (x86)/atmel/studio/7.0/toolchain/avr8/avr8-gnu-toolchain/bin/../lib/gcc/avr/5.4.0/../../../../avr/lib/avr5\libm.a(fixsfsi.o)
                0x000019b8                __fixsfsi
 .text.avr-libc.fplib
                0x000019c6       0x5e c:/program files (x86)/atmel/studio/7.0/toolchain/avr8/avr8-gnu-toolchain/bin/../lib/gcc/avr/5.4.0/../../../../avr/lib/avr5\libm.a(fixunssfsi.o)
                0x000019c6                __fixunssfsi
 .text.avr-libc.fplib
                0x00001a24       0x7a c:/program files (x86)/atmel/studio/7.0/toolchain/avr8/avr8-gnu-toolchain/bin/../lib/gcc/avr/5.4.0/../../../../avr/lib/avr5\libm.a(floatsisf.o)
                0x00001a24                __floatunsisf
                0x00001a28                __floatsisf
 .text.avr-libc.fplib
                0x00001a9e        0xc c:/program files (x86)/atmel/studio/7.0/toolchain/avr8/avr8-gnu-toolchain/bin/../lib/gcc/avr/5.4.0/../../../../avr/lib/avr5\libm.a(fp_inf.o)
                0x00001a9e                __fp_inf
 .text.avr-libc.fplib
                0x00001aaa        0x6 c:/program files (x86)/atmel/studio/7.0/toolchain/avr8/avr8-gnu-toolchain/bin/../lib/gcc/avr/5.4.0/../../../../avr/lib/avr5\libm.a(fp_nan.o)
                0x00001aaa                __fp_nan
 .text.avr-libc.fplib
                0x00001ab0        0xe c:/program files (x86)/atmel/studio/7.0/toolchain/avr8/avr8-gnu-toolchain/bin/../lib/gcc/avr/5.4.0/../../../../avr/lib/avr5\libm.a(fp_pscA.o)
                0x00001ab0                __fp_pscA
 .text.avr-libc.fplib
                0x00001abe        0xe c:/program files (x86)/atmel/studio/7.0/toolchain/avr8/avr8-gnu-toolchain/bin/../lib/gcc/avr/5.4.0/../../../../avr/lib/avr5\libm.a(fp_pscB.o)
                0x00001abe                __fp_pscB
 .text.avr-libc.fplib
                0x00001acc       0x22 c:/program files (x86)/atmel/studio/7.0/toolchain/avr8/avr8-gnu-toolchain/bin/../lib/gcc/avr/5.4.0/../../../../avr/lib/avr5\libm.a(fp_round.o)
                0x00001acc                __fp_round
 .text.avr-libc.fplib
                0x00001aee       0x44 c:/program files (x86)/atmel/studio/7.0/toolchain/avr8/avr8-gnu-toolchain/bin/../lib/gcc/avr/5.4.0/../../../../avr/lib/avr5\libm.a(fp_split3.o)
                0x00001aee                __fp_split3
                0x00001afe                __fp_splitA
 .text.avr-libc.fplib
                0x00001b32        0xe c:/program files (x86)/atmel/studio/7.0/toolchain/avr8/avr8-gnu-toolchain/bin/../lib/gcc/avr/5.4.0/../../../../avr/lib/avr5\libm.a(fp_zero.o)
                0x00001b32                __fp_zero
                0x00001b34                __fp_szero
 .text.avr-libc.fplib
                0x00001b40        0x8 c:/program files (x86)/atmel/studio/7.0/toolchain/avr8/avr8-gnu-toolchain/bin/../lib/gcc/avr/5.4.0/../../../../avr/lib/avr5\libm.a(mulsf3.o)
                0x00001b40                __mulsf3
 .text.avr-libc.fplib
                0x00001b48       0xd2 c:/program files (x86)/atmel/studio/7.0/toolchain/avr8/avr8-gnu-toolchain/bin/../lib/gcc/avr/5.4.0/../../../../avr/lib/avr5\libm.a(mulsf3x.o)
                0x00001b66                __mulsf3x
                0x00001b6c                __mulsf3_pse
 .text._ZN14HardwareSerial9availableEv
                0x00001c1a       0x18 C:\Users\Denis\Desktop\PS2\PS2\ArduinoCore\Debug\libArduinoCore.a(HardwareSerial.o)
                0x00001c1a                _ZN14HardwareSerial9availableEv
 .text._ZN14HardwareSerial4peekEv
                0x00001c32       0x1c C:\Users\Denis\Desktop\PS2\PS2\ArduinoCore\Debug\libArduinoCore.a(HardwareSerial.o)
                0x00001c32                _ZN14HardwareSerial4peekEv
 .text._ZN14HardwareSerial4readEv
                0x00001c4e       0x28 C:\Users\Denis\Desktop\PS2\PS2\ArduinoCore\Debug\libArduinoCore.a(HardwareSerial.o)
                0x00001c4e                _ZN14HardwareSerial4readEv
 .text._Z14serialEventRunv
                0x00001c76       0x1c C:\Users\Denis\Desktop\PS2\PS2\ArduinoCore\Debug\libArduinoCore.a(HardwareSerial.o)
                0x00001c76                _Z14serialEventRunv
 .text._ZN14HardwareSerial17_tx_udr_empty_irqEv
                0x00001c92       0x42 C:\Users\Denis\Desktop\PS2\PS2\ArduinoCore\Debug\libArduinoCore.a(HardwareSerial.o)
                0x00001c92                _ZN14HardwareSerial17_tx_udr_empty_irqEv
 .text._ZN14HardwareSerial5flushEv
                0x00001cd4       0x44 C:\Users\Denis\Desktop\PS2\PS2\ArduinoCore\Debug\libArduinoCore.a(HardwareSerial.o)
                0x00001cd4                _ZN14HardwareSerial5flushEv
 .text._ZN14HardwareSerial5writeEh
                0x00001d18       0x8e C:\Users\Denis\Desktop\PS2\PS2\ArduinoCore\Debug\libArduinoCore.a(HardwareSerial.o)
                0x00001d18                _ZN14HardwareSerial5writeEh
 .text._ZN14HardwareSerial5beginEmh
                0x00001da6       0xca C:\Users\Denis\Desktop\PS2\PS2\ArduinoCore\Debug\libArduinoCore.a(HardwareSerial.o)
                0x00001da6                _ZN14HardwareSerial5beginEmh
 .text.__vector_18
                0x00001e70       0x64 C:\Users\Denis\Desktop\PS2\PS2\ArduinoCore\Debug\libArduinoCore.a(HardwareSerial0.o)
                0x00001e70                __vector_18
 .text.__vector_19
                0x00001ed4       0x4c C:\Users\Denis\Desktop\PS2\PS2\ArduinoCore\Debug\libArduinoCore.a(HardwareSerial0.o)
                0x00001ed4                __vector_19
 .text._Z17Serial0_availablev
                0x00001f20       0x14 C:\Users\Denis\Desktop\PS2\PS2\ArduinoCore\Debug\libArduinoCore.a(HardwareSerial0.o)
                0x00001f20                _Z17Serial0_availablev
 .text.startup._GLOBAL__sub_I___vector_18
                0x00001f34       0x5a C:\Users\Denis\Desktop\PS2\PS2\ArduinoCore\Debug\libArduinoCore.a(HardwareSerial0.o)
 .text._ZN13LiquidCrystal11pulseEnableEv
                0x00001f8e       0x3a C:\Users\Denis\Desktop\PS2\PS2\ArduinoCore\Debug\libArduinoCore.a(LiquidCrystal.o)
                0x00001f8e                _ZN13LiquidCrystal11pulseEnableEv
 .text._ZN13LiquidCrystal10write4bitsEh
                0x00001fc8       0x5a C:\Users\Denis\Desktop\PS2\PS2\ArduinoCore\Debug\libArduinoCore.a(LiquidCrystal.o)
                0x00001fc8                _ZN13LiquidCrystal10write4bitsEh
 .text._ZN13LiquidCrystal10write8bitsEh
                0x00002022       0x5a C:\Users\Denis\Desktop\PS2\PS2\ArduinoCore\Debug\libArduinoCore.a(LiquidCrystal.o)
                0x00002022                _ZN13LiquidCrystal10write8bitsEh
 .text._ZN13LiquidCrystal4sendEhh
                0x0000207c       0x52 C:\Users\Denis\Desktop\PS2\PS2\ArduinoCore\Debug\libArduinoCore.a(LiquidCrystal.o)
                0x0000207c                _ZN13LiquidCrystal4sendEhh
 .text._ZN13LiquidCrystal7commandEh
                0x000020ce        0x6 C:\Users\Denis\Desktop\PS2\PS2\ArduinoCore\Debug\libArduinoCore.a(LiquidCrystal.o)
                0x000020ce                _ZN13LiquidCrystal7commandEh
 .text._ZN13LiquidCrystal5clearEv
                0x000020d4        0xe C:\Users\Denis\Desktop\PS2\PS2\ArduinoCore\Debug\libArduinoCore.a(LiquidCrystal.o)
                0x000020d4                _ZN13LiquidCrystal5clearEv
 .text._ZN13LiquidCrystal9setCursorEhh
                0x000020e2       0x26 C:\Users\Denis\Desktop\PS2\PS2\ArduinoCore\Debug\libArduinoCore.a(LiquidCrystal.o)
                0x000020e2                _ZN13LiquidCrystal9setCursorEhh
 .text._ZN13LiquidCrystal7displayEv
                0x00002108       0x10 C:\Users\Denis\Desktop\PS2\PS2\ArduinoCore\Debug\libArduinoCore.a(LiquidCrystal.o)
                0x00002108                _ZN13LiquidCrystal7displayEv
 .text._ZN13LiquidCrystal5beginEhhh
                0x00002118      0x14a C:\Users\Denis\Desktop\PS2\PS2\ArduinoCore\Debug\libArduinoCore.a(LiquidCrystal.o)
                0x00002118                _ZN13LiquidCrystal5beginEhhh
 .text._ZN13LiquidCrystalC2Ehhhhhh
                0x00002262       0x40 C:\Users\Denis\Desktop\PS2\PS2\ArduinoCore\Debug\libArduinoCore.a(LiquidCrystal.o)
                0x00002262                _ZN13LiquidCrystalC1Ehhhhhh
                0x00002262                _ZN13LiquidCrystalC2Ehhhhhh
 .text._ZN13LiquidCrystal10createCharEhPh
                0x000022a2       0x50 C:\Users\Denis\Desktop\PS2\PS2\ArduinoCore\Debug\libArduinoCore.a(LiquidCrystal.o)
                0x000022a2                _ZN13LiquidCrystal10createCharEhPh
 .text._ZN13LiquidCrystal5writeEh
                0x000022f2        0xc C:\Users\Denis\Desktop\PS2\PS2\ArduinoCore\Debug\libArduinoCore.a(LiquidCrystal.o)
                0x000022f2                _ZN13LiquidCrystal5writeEh
 .text.initVariant
                0x000022fe        0x2 C:\Users\Denis\Desktop\PS2\PS2\ArduinoCore\Debug\libArduinoCore.a(main.o)
                0x000022fe                initVariant
 .text.startup.main
                0x00002300       0x1e C:\Users\Denis\Desktop\PS2\PS2\ArduinoCore\Debug\libArduinoCore.a(main.o)
                0x00002300                main
 .text._ZN5Print5writeEPKhj
                0x0000231e       0x54 C:\Users\Denis\Desktop\PS2\PS2\ArduinoCore\Debug\libArduinoCore.a(Print.o)
                0x0000231e                _ZN5Print5writeEPKhj
 .text._ZN5Print5writeEPKc
                0x00002372       0x2a C:\Users\Denis\Desktop\PS2\PS2\ArduinoCore\Debug\libArduinoCore.a(Print.o)
                0x00002372                _ZN5Print5writeEPKc
 .text._ZN5Print5printERK6String
                0x0000239c       0x1c C:\Users\Denis\Desktop\PS2\PS2\ArduinoCore\Debug\libArduinoCore.a(Print.o)
                0x0000239c                _ZN5Print5printERK6String
 .text._ZN5Print5printEPKc
                0x000023b8        0x4 C:\Users\Denis\Desktop\PS2\PS2\ArduinoCore\Debug\libArduinoCore.a(Print.o)
                0x000023b8                _ZN5Print5printEPKc
 .text._ZN5Print5printEc
                0x000023bc        0xe C:\Users\Denis\Desktop\PS2\PS2\ArduinoCore\Debug\libArduinoCore.a(Print.o)
                0x000023bc                _ZN5Print5printEc
 .text._ZN5Print11printNumberEmh
                0x000023ca       0x92 C:\Users\Denis\Desktop\PS2\PS2\ArduinoCore\Debug\libArduinoCore.a(Print.o)
                0x000023ca                _ZN5Print11printNumberEmh
 .text._ZN5Print5printEmi
                0x0000245c       0x1a C:\Users\Denis\Desktop\PS2\PS2\ArduinoCore\Debug\libArduinoCore.a(Print.o)
                0x0000245c                _ZN5Print5printEmi
 .text._ZN5Print5printEhi
                0x00002476        0xe C:\Users\Denis\Desktop\PS2\PS2\ArduinoCore\Debug\libArduinoCore.a(Print.o)
                0x00002476                _ZN5Print5printEhi
 .text._ZN5Print5printEji
                0x00002484        0xc C:\Users\Denis\Desktop\PS2\PS2\ArduinoCore\Debug\libArduinoCore.a(Print.o)
                0x00002484                _ZN5Print5printEji
 .text._ZN5Print10printFloatEdh
                0x00002490      0x1b6 C:\Users\Denis\Desktop\PS2\PS2\ArduinoCore\Debug\libArduinoCore.a(Print.o)
                0x00002490                _ZN5Print10printFloatEdh
 .text._ZN5Print5printEdi
                0x00002646        0x4 C:\Users\Denis\Desktop\PS2\PS2\ArduinoCore\Debug\libArduinoCore.a(Print.o)
                0x00002646                _ZN5Print5printEdi
 .text.__vector_16
                0x0000264a       0x94 C:\Users\Denis\Desktop\PS2\PS2\ArduinoCore\Debug\libArduinoCore.a(wiring.o)
                0x0000264a                __vector_16
 .text.millis   0x000026de       0x18 C:\Users\Denis\Desktop\PS2\PS2\ArduinoCore\Debug\libArduinoCore.a(wiring.o)
                0x000026de                millis
 .text.micros   0x000026f6       0x4a C:\Users\Denis\Desktop\PS2\PS2\ArduinoCore\Debug\libArduinoCore.a(wiring.o)
                0x000026f6                micros
 .text.delay    0x00002740       0x78 C:\Users\Denis\Desktop\PS2\PS2\ArduinoCore\Debug\libArduinoCore.a(wiring.o)
                0x00002740                delay
 .text.delayMicroseconds
                0x000027b8       0x16 C:\Users\Denis\Desktop\PS2\PS2\ArduinoCore\Debug\libArduinoCore.a(wiring.o)
                0x000027b8                delayMicroseconds
 .text.init     0x000027ce       0x76 C:\Users\Denis\Desktop\PS2\PS2\ArduinoCore\Debug\libArduinoCore.a(wiring.o)
                0x000027ce                init
 .text.analogRead
                0x00002844       0x3a C:\Users\Denis\Desktop\PS2\PS2\ArduinoCore\Debug\libArduinoCore.a(wiring_analog.o)
                0x00002844                analogRead
 .text.analogWrite
                0x0000287e       0xbe C:\Users\Denis\Desktop\PS2\PS2\ArduinoCore\Debug\libArduinoCore.a(wiring_analog.o)
                0x0000287e                analogWrite
 .text.turnOffPWM
                0x0000293c       0x52 C:\Users\Denis\Desktop\PS2\PS2\ArduinoCore\Debug\libArduinoCore.a(wiring_digital.o)
 .text.pinMode  0x0000298e       0x78 C:\Users\Denis\Desktop\PS2\PS2\ArduinoCore\Debug\libArduinoCore.a(wiring_digital.o)
                0x0000298e                pinMode
 .text.digitalWrite
                0x00002a06       0x5e C:\Users\Denis\Desktop\PS2\PS2\ArduinoCore\Debug\libArduinoCore.a(wiring_digital.o)
                0x00002a06                digitalWrite
 .text._ZN6StringD2Ev
                0x00002a64        0xa C:\Users\Denis\Desktop\PS2\PS2\ArduinoCore\Debug\libArduinoCore.a(WString.o)
                0x00002a64                _ZN6StringD2Ev
                0x00002a64                _ZN6StringD1Ev
 .text._ZN6String10invalidateEv
                0x00002a6e       0x24 C:\Users\Denis\Desktop\PS2\PS2\ArduinoCore\Debug\libArduinoCore.a(WString.o)
                0x00002a6e                _ZN6String10invalidateEv
 .text._ZN6String12changeBufferEj
                0x00002a92       0x34 C:\Users\Denis\Desktop\PS2\PS2\ArduinoCore\Debug\libArduinoCore.a(WString.o)
                0x00002a92                _ZN6String12changeBufferEj
 .text._ZN6String7reserveEj
                0x00002ac6       0x38 C:\Users\Denis\Desktop\PS2\PS2\ArduinoCore\Debug\libArduinoCore.a(WString.o)
                0x00002ac6                _ZN6String7reserveEj
 .text._ZN6String4copyEPKcj
                0x00002afe       0x42 C:\Users\Denis\Desktop\PS2\PS2\ArduinoCore\Debug\libArduinoCore.a(WString.o)
                0x00002afe                _ZN6String4copyEPKcj
 .text._ZN6StringC2EPKc
                0x00002b40       0x2a C:\Users\Denis\Desktop\PS2\PS2\ArduinoCore\Debug\libArduinoCore.a(WString.o)
                0x00002b40                _ZN6StringC2EPKc
                0x00002b40                _ZN6StringC1EPKc
 .text._ZN3PID7ComputeEv
                0x00002b6a      0x244 C:\Users\Denis\Desktop\PS2\PS2\ArduinoCore\Debug\libArduinoCore.a(PID_v1.o)
                0x00002b6a                _ZN3PID7ComputeEv
 .text._ZN3PID10SetTuningsEddd
                0x00002dae      0x174 C:\Users\Denis\Desktop\PS2\PS2\ArduinoCore\Debug\libArduinoCore.a(PID_v1.o)
                0x00002dae                _ZN3PID10SetTuningsEddd
 .text._ZN3PID13SetSampleTimeEi
                0x00002f22       0x9c C:\Users\Denis\Desktop\PS2\PS2\ArduinoCore\Debug\libArduinoCore.a(PID_v1.o)
                0x00002f22                _ZN3PID13SetSampleTimeEi
 .text._ZN3PID15SetOutputLimitsEdd
                0x00002fbe      0x100 C:\Users\Denis\Desktop\PS2\PS2\ArduinoCore\Debug\libArduinoCore.a(PID_v1.o)
                0x00002fbe                _ZN3PID15SetOutputLimitsEdd
 .text._ZN3PID10InitializeEv
                0x000030be       0x8c C:\Users\Denis\Desktop\PS2\PS2\ArduinoCore\Debug\libArduinoCore.a(PID_v1.o)
                0x000030be                _ZN3PID10InitializeEv
 .text._ZN3PID7SetModeEi
                0x0000314a       0x2c C:\Users\Denis\Desktop\PS2\PS2\ArduinoCore\Debug\libArduinoCore.a(PID_v1.o)
                0x0000314a                _ZN3PID7SetModeEi
 .text._ZN3PID22SetControllerDirectionEi
                0x00003176       0x78 C:\Users\Denis\Desktop\PS2\PS2\ArduinoCore\Debug\libArduinoCore.a(PID_v1.o)
                0x00003176                _ZN3PID22SetControllerDirectionEi
 .text._ZN3PIDC2EPdS0_S0_dddi
                0x000031ee       0xde C:\Users\Denis\Desktop\PS2\PS2\ArduinoCore\Debug\libArduinoCore.a(PID_v1.o)
                0x000031ee                _ZN3PIDC2EPdS0_S0_dddi
                0x000031ee                _ZN3PIDC1EPdS0_S0_dddi
 .text.__empty  0x000032cc        0x2 C:\Users\Denis\Desktop\PS2\PS2\ArduinoCore\Debug\libArduinoCore.a(hooks.o)
                0x000032cc                yield
 .text.avr-libc.fplib
                0x000032ce        0xa c:/program files (x86)/atmel/studio/7.0/toolchain/avr8/avr8-gnu-toolchain/bin/../lib/gcc/avr/5.4.0/../../../../avr/lib/avr5\libm.a(cmpsf2.o)
                0x000032ce                __nesf2
                0x000032ce                __eqsf2
                0x000032ce                __cmpsf2
                0x000032ce                __ltsf2
                0x000032ce                __lesf2
 .text.avr-libc.fplib
                0x000032d8       0x48 c:/program files (x86)/atmel/studio/7.0/toolchain/avr8/avr8-gnu-toolchain/bin/../lib/gcc/avr/5.4.0/../../../../avr/lib/avr5\libm.a(fp_cmp.o)
                0x000032d8                __fp_cmp
 .text.avr-libc.fplib
                0x00003320        0xa c:/program files (x86)/atmel/studio/7.0/toolchain/avr8/avr8-gnu-toolchain/bin/../lib/gcc/avr/5.4.0/../../../../avr/lib/avr5\libm.a(gesf2.o)
                0x00003320                __gesf2
                0x00003320                __gtsf2
 .text.avr-libc.fplib
                0x0000332a        0xa c:/program files (x86)/atmel/studio/7.0/toolchain/avr8/avr8-gnu-toolchain/bin/../lib/gcc/avr/5.4.0/../../../../avr/lib/avr5\libm.a(unordsf2.o)
                0x0000332a                __unordsf2
 .text.libgcc.div
                0x00003334       0x44 c:/program files (x86)/atmel/studio/7.0/toolchain/avr8/avr8-gnu-toolchain/bin/../lib/gcc/avr/5.4.0/avr5\libgcc.a(_udivmodsi4.o)
                0x00003334                __udivmodsi4
 .text.libgcc   0x00003378        0xc c:/program files (x86)/atmel/studio/7.0/toolchain/avr8/avr8-gnu-toolchain/bin/../lib/gcc/avr/5.4.0/avr5\libgcc.a(_tablejump2.o)
                0x00003378                __tablejump2__
 .text.avr-libc
                0x00003384      0x242 c:/program files (x86)/atmel/studio/7.0/toolchain/avr8/avr8-gnu-toolchain/bin/../lib/gcc/avr/5.4.0/../../../../avr/lib/avr5\libc.a(malloc.o)
                0x00003384                malloc
                0x000034b4                free
 .text.avr-libc
                0x000035c6      0x18c c:/program files (x86)/atmel/studio/7.0/toolchain/avr8/avr8-gnu-toolchain/bin/../lib/gcc/avr/5.4.0/../../../../avr/lib/avr5\libc.a(realloc.o)
                0x000035c6                realloc
 .text.avr-libc
                0x00003752       0x12 c:/program files (x86)/atmel/studio/7.0/toolchain/avr8/avr8-gnu-toolchain/bin/../lib/gcc/avr/5.4.0/../../../../avr/lib/avr5\libc.a(memcpy.o)
                0x00003752                memcpy
 .text.avr-libc
                0x00003764        0xe c:/program files (x86)/atmel/studio/7.0/toolchain/avr8/avr8-gnu-toolchain/bin/../lib/gcc/avr/5.4.0/../../../../avr/lib/avr5\libc.a(strcpy.o)
                0x00003764                strcpy
 .text.avr-libc
                0x00003772       0x10 c:/program files (x86)/atmel/studio/7.0/toolchain/avr8/avr8-gnu-toolchain/bin/../lib/gcc/avr/5.4.0/../../../../avr/lib/avr5\libatmega328p.a(eerd_byte.o)
                0x00003772                eeprom_read_byte
 .text.avr-libc
                0x00003782       0x1c c:/program files (x86)/atmel/studio/7.0/toolchain/avr8/avr8-gnu-toolchain/bin/../lib/gcc/avr/5.4.0/../../../../avr/lib/avr5\libatmega328p.a(eewr_byte.o)
                0x00003782                eeprom_write_byte
                0x00003784                eeprom_write_r18
 .text.libgcc.prologue
                0x0000379e       0x38 c:/program files (x86)/atmel/studio/7.0/toolchain/avr8/avr8-gnu-toolchain/bin/../lib/gcc/avr/5.4.0/avr5\libgcc.a(_prologue.o)
                0x0000379e                __prologue_saves__
 .text.libgcc.prologue
                0x000037d6       0x36 c:/program files (x86)/atmel/studio/7.0/toolchain/avr8/avr8-gnu-toolchain/bin/../lib/gcc/avr/5.4.0/avr5\libgcc.a(_epilogue.o)
                0x000037d6                __epilogue_restores__
                0x0000380c                . = ALIGN (0x2)
 *(.fini9)
 .fini9         0x0000380c        0x0 c:/program files (x86)/atmel/studio/7.0/toolchain/avr8/avr8-gnu-toolchain/bin/../lib/gcc/avr/5.4.0/avr5\libgcc.a(_exit.o)
                0x0000380c                _exit
                0x0000380c                exit
 *(.fini9)
 *(.fini8)
 *(.fini8)
 *(.fini7)
 *(.fini7)
 *(.fini6)
 .fini6         0x0000380c       0x16 c:/program files (x86)/atmel/studio/7.0/toolchain/avr8/avr8-gnu-toolchain/bin/../lib/gcc/avr/5.4.0/avr5\libgcc.a(_dtors.o)
                0x0000380c                __do_global_dtors
 *(.fini6)
 *(.fini5)
 *(.fini5)
 *(.fini4)
 *(.fini4)
 *(.fini3)
 *(.fini3)
 *(.fini2)
 *(.fini2)
 *(.fini1)
 *(.fini1)
 *(.fini0)
 .fini0         0x00003822        0x4 c:/program files (x86)/atmel/studio/7.0/toolchain/avr8/avr8-gnu-toolchain/bin/../lib/gcc/avr/5.4.0/avr5\libgcc.a(_exit.o)
 *(.fini0)
                0x00003826                _etext = .

.data           0x00800100      0x13a load address 0x00003826
                0x00800100                PROVIDE (__data_start, .)
 *(.data)
 .data          0x00800100        0x6 c:/program files (x86)/atmel/studio/7.0/toolchain/avr8/avr8-gnu-toolchain/bin/../lib/gcc/avr/5.4.0/../../../../avr/lib/avr5\libc.a(malloc.o)
                0x00800100                __malloc_heap_end
                0x00800102                __malloc_heap_start
                0x00800104                __malloc_margin
 *(.data*)
 .data.maxMenuPages
                0x00800106        0x2 Menu/menu.o
                0x00800106                maxMenuPages
 .data.menuCursor
                0x00800108        0x8 Menu/menu.o
                0x00800108                menuCursor
 .data.upArrow  0x00800110        0x8 Menu/menu.o
                0x00800110                upArrow
 .data.downArrow
                0x00800118        0x8 Menu/menu.o
                0x00800118                downArrow
 .data.stage_time
                0x00800120        0x1 Sketch.o
                0x00800120                stage_time
 .data.analog_reference
                0x00800121        0x1 C:\Users\Denis\Desktop\PS2\PS2\ArduinoCore\Debug\libArduinoCore.a(wiring_analog.o)
                0x00800121                analog_reference
 *(.rodata)
 *(.rodata*)
 .rodata.str1.1
                0x00800122       0xd2 Menu/menu.o
                                 0xd4 (size before relaxing)
 .rodata.str1.1
                0x008001f4       0x1f Sketch.o
 .rodata._ZTV14HardwareSerial
                0x00800213       0x10 C:\Users\Denis\Desktop\PS2\PS2\ArduinoCore\Debug\libArduinoCore.a(HardwareSerial.o)
                0x00800213                _ZTV14HardwareSerial
 .rodata._ZTV13LiquidCrystal
                0x00800223        0x8 C:\Users\Denis\Desktop\PS2\PS2\ArduinoCore\Debug\libArduinoCore.a(LiquidCrystal.o)
                0x00800223                _ZTV13LiquidCrystal
 .rodata.str1.1
                0x0080022b        0xf C:\Users\Denis\Desktop\PS2\PS2\ArduinoCore\Debug\libArduinoCore.a(Print.o)
 *(.gnu.linkonce.d*)
                0x0080023a                . = ALIGN (0x2)
                0x0080023a                _edata = .
                0x0080023a                PROVIDE (__data_end, .)

.bss            0x0080023a      0x160
                0x0080023a                PROVIDE (__bss_start, .)
 *(.bss)
 *(.bss*)
 .bss.PID_tempControl
                0x0080023a       0x17 Menu/menu.o
                0x0080023a                PID_tempControl
 .bss.cursorPosition
                0x00800251        0x2 Menu/menu.o
                0x00800251                cursorPosition
 .bss.menuPage  0x00800253        0x2 Menu/menu.o
                0x00800253                menuPage
 .bss.readKey   0x00800255        0x2 Menu/menu.o
                0x00800255                readKey
 .bss.menuItems
                0x00800257       0x30 Menu/menu.o
                0x00800257                menuItems
 .bss.lcd       0x00800287       0x18 Menu/menu.o
                0x00800287                lcd
 .bss.ovenPID   0x0080029f       0x39 Sketch.o
                0x0080029f                ovenPID
 .bss.e_sm_State
                0x008002d8        0x1 Sketch.o
                0x008002d8                e_sm_State
 .bss.output    0x008002d9        0x4 Sketch.o
                0x008002d9                output
 .bss.input     0x008002dd        0x4 Sketch.o
                0x008002dd                input
 .bss.setpoint  0x008002e1        0x4 Sketch.o
                0x008002e1                setpoint
 .bss.StartFlag
                0x008002e5        0x1 Sketch.o
                0x008002e5                StartFlag
 .bss.initial_Temperature_Celsius
                0x008002e6        0x4 Sketch.o
                0x008002e6                initial_Temperature_Celsius
 .bss.Temperature_Celsius
                0x008002ea        0x4 Sketch.o
                0x008002ea                Temperature_Celsius
 .bss.activeButton_menuStart
                0x008002ee        0x1 Sketch.o
                0x008002ee                activeButton_menuStart
 .bss.screen    0x008002ef        0x1 Sketch.o
                0x008002ef                screen
 .bss.Serial    0x008002f0       0x9d C:\Users\Denis\Desktop\PS2\PS2\ArduinoCore\Debug\libArduinoCore.a(HardwareSerial0.o)
                0x008002f0                Serial
 .bss.timer0_fract
                0x0080038d        0x1 C:\Users\Denis\Desktop\PS2\PS2\ArduinoCore\Debug\libArduinoCore.a(wiring.o)
 .bss.timer0_millis
                0x0080038e        0x4 C:\Users\Denis\Desktop\PS2\PS2\ArduinoCore\Debug\libArduinoCore.a(wiring.o)
                0x0080038e                timer0_millis
 .bss.timer0_overflow_count
                0x00800392        0x4 C:\Users\Denis\Desktop\PS2\PS2\ArduinoCore\Debug\libArduinoCore.a(wiring.o)
                0x00800392                timer0_overflow_count
 *(COMMON)
 COMMON         0x00800396        0x4 c:/program files (x86)/atmel/studio/7.0/toolchain/avr8/avr8-gnu-toolchain/bin/../lib/gcc/avr/5.4.0/../../../../avr/lib/avr5\libc.a(malloc.o)
                0x00800396                __brkval
                0x00800398                __flp
                0x0080039a                PROVIDE (__bss_end, .)
                0x00003826                __data_load_start = LOADADDR (.data)
                0x00003960                __data_load_end = (__data_load_start + SIZEOF (.data))

.noinit         0x0080039a        0x0
                [!provide]                PROVIDE (__noinit_start, .)
 *(.noinit*)
                [!provide]                PROVIDE (__noinit_end, .)
                0x0080039a                _end = .
                0x0080039a                PROVIDE (__heap_start, .)

.eeprom         0x00810000        0x0
 *(.eeprom*)
                0x00810000                __eeprom_end = .

.fuse
 *(.fuse)
 *(.lfuse)
 *(.hfuse)
 *(.efuse)

.lock
 *(.lock*)

.signature
 *(.signature*)

.user_signatures
 *(.user_signatures*)

.stab
 *(.stab)

.stabstr
 *(.stabstr)

.stab.excl
 *(.stab.excl)

.stab.exclstr
 *(.stab.exclstr)

.stab.index
 *(.stab.index)

.stab.indexstr
 *(.stab.indexstr)

.comment        0x00000000       0x60
 *(.comment)
 .comment       0x00000000       0x30 EEPROM_Save/EEPROMsave_Structure.o
                                 0x31 (size before relaxing)
 .comment       0x00000030       0x31 Menu/menu.o
 .comment       0x00000030       0x31 Read_Temp/read_temp.o
 .comment       0x00000030       0x31 Sketch.o
 .comment       0x00000030       0x30 C:\Users\Denis\Desktop\PS2\PS2\ArduinoCore\Debug\libArduinoCore.a(HardwareSerial.o)
                                 0x31 (size before relaxing)
 .comment       0x00000060       0x31 C:\Users\Denis\Desktop\PS2\PS2\ArduinoCore\Debug\libArduinoCore.a(HardwareSerial0.o)
 .comment       0x00000060       0x31 C:\Users\Denis\Desktop\PS2\PS2\ArduinoCore\Debug\libArduinoCore.a(LiquidCrystal.o)
 .comment       0x00000060       0x31 C:\Users\Denis\Desktop\PS2\PS2\ArduinoCore\Debug\libArduinoCore.a(main.o)
 .comment       0x00000060       0x31 C:\Users\Denis\Desktop\PS2\PS2\ArduinoCore\Debug\libArduinoCore.a(Print.o)
 .comment       0x00000060       0x31 C:\Users\Denis\Desktop\PS2\PS2\ArduinoCore\Debug\libArduinoCore.a(wiring.o)
 .comment       0x00000060       0x31 C:\Users\Denis\Desktop\PS2\PS2\ArduinoCore\Debug\libArduinoCore.a(wiring_analog.o)
 .comment       0x00000060       0x31 C:\Users\Denis\Desktop\PS2\PS2\ArduinoCore\Debug\libArduinoCore.a(wiring_digital.o)
 .comment       0x00000060       0x31 C:\Users\Denis\Desktop\PS2\PS2\ArduinoCore\Debug\libArduinoCore.a(WString.o)
 .comment       0x00000060       0x31 C:\Users\Denis\Desktop\PS2\PS2\ArduinoCore\Debug\libArduinoCore.a(PID_v1.o)
 .comment       0x00000060       0x31 C:\Users\Denis\Desktop\PS2\PS2\ArduinoCore\Debug\libArduinoCore.a(hooks.o)
 .comment       0x00000060       0x31 c:/program files (x86)/atmel/studio/7.0/toolchain/avr8/avr8-gnu-toolchain/bin/../lib/gcc/avr/5.4.0/../../../../avr/lib/avr5\libc.a(malloc.o)
 .comment       0x00000060       0x31 c:/program files (x86)/atmel/studio/7.0/toolchain/avr8/avr8-gnu-toolchain/bin/../lib/gcc/avr/5.4.0/../../../../avr/lib/avr5\libc.a(realloc.o)

.note.gnu.avr.deviceinfo
                0x00000000       0x40
 .note.gnu.avr.deviceinfo
                0x00000000       0x40 c:/program files (x86)/atmel/studio/7.0/toolchain/avr8/avr8-gnu-toolchain/bin/../lib/gcc/avr/5.4.0/../../../../avr/lib/avr5/crtatmega328p.o

.note.gnu.build-id
 *(.note.gnu.build-id)

.debug
 *(.debug)

.line
 *(.line)

.debug_srcinfo
 *(.debug_srcinfo)

.debug_sfnames
 *(.debug_sfnames)

.debug_aranges  0x00000000      0x828
 *(.debug_aranges)
 .debug_aranges
                0x00000000       0x28 EEPROM_Save/EEPROMsave_Structure.o
 .debug_aranges
                0x00000028       0xd0 Menu/menu.o
 .debug_aranges
                0x000000f8       0x20 Read_Temp/read_temp.o
 .debug_aranges
                0x00000118       0x48 Sketch.o
 .debug_aranges
                0x00000160       0x68 C:\Users\Denis\Desktop\PS2\PS2\ArduinoCore\Debug\libArduinoCore.a(HardwareSerial.o)
 .debug_aranges
                0x000001c8       0x38 C:\Users\Denis\Desktop\PS2\PS2\ArduinoCore\Debug\libArduinoCore.a(HardwareSerial0.o)
 .debug_aranges
                0x00000200      0x100 C:\Users\Denis\Desktop\PS2\PS2\ArduinoCore\Debug\libArduinoCore.a(LiquidCrystal.o)
 .debug_aranges
                0x00000300       0x30 C:\Users\Denis\Desktop\PS2\PS2\ArduinoCore\Debug\libArduinoCore.a(main.o)
 .debug_aranges
                0x00000330       0xf0 C:\Users\Denis\Desktop\PS2\PS2\ArduinoCore\Debug\libArduinoCore.a(Print.o)
 .debug_aranges
                0x00000420       0x48 C:\Users\Denis\Desktop\PS2\PS2\ArduinoCore\Debug\libArduinoCore.a(wiring.o)
 .debug_aranges
                0x00000468       0x30 C:\Users\Denis\Desktop\PS2\PS2\ArduinoCore\Debug\libArduinoCore.a(wiring_analog.o)
 .debug_aranges
                0x00000498       0x38 C:\Users\Denis\Desktop\PS2\PS2\ArduinoCore\Debug\libArduinoCore.a(wiring_digital.o)
 .debug_aranges
                0x000004d0      0x2b8 C:\Users\Denis\Desktop\PS2\PS2\ArduinoCore\Debug\libArduinoCore.a(WString.o)
 .debug_aranges
                0x00000788       0x80 C:\Users\Denis\Desktop\PS2\PS2\ArduinoCore\Debug\libArduinoCore.a(PID_v1.o)
 .debug_aranges
                0x00000808       0x20 C:\Users\Denis\Desktop\PS2\PS2\ArduinoCore\Debug\libArduinoCore.a(hooks.o)

.debug_pubnames
 *(.debug_pubnames)

.debug_info     0x00000000    0x13cae
 *(.debug_info .gnu.linkonce.wi.*)
 .debug_info    0x00000000      0x5f4 c:/program files (x86)/atmel/studio/7.0/toolchain/avr8/avr8-gnu-toolchain/bin/../lib/gcc/avr/5.4.0/../../../../avr/lib/avr5/crtatmega328p.o
 .debug_info    0x000005f4      0x8be EEPROM_Save/EEPROMsave_Structure.o
 .debug_info    0x00000eb2     0x40b5 Menu/menu.o
 .debug_info    0x00004f67      0x235 Read_Temp/read_temp.o
 .debug_info    0x0000519c     0x143e Sketch.o
 .debug_info    0x000065da     0x1e51 C:\Users\Denis\Desktop\PS2\PS2\ArduinoCore\Debug\libArduinoCore.a(HardwareSerial.o)
 .debug_info    0x0000842b     0x1a4a C:\Users\Denis\Desktop\PS2\PS2\ArduinoCore\Debug\libArduinoCore.a(HardwareSerial0.o)
 .debug_info    0x00009e75     0x1b3c C:\Users\Denis\Desktop\PS2\PS2\ArduinoCore\Debug\libArduinoCore.a(LiquidCrystal.o)
 .debug_info    0x0000b9b1      0x237 C:\Users\Denis\Desktop\PS2\PS2\ArduinoCore\Debug\libArduinoCore.a(main.o)
 .debug_info    0x0000bbe8     0x285e C:\Users\Denis\Desktop\PS2\PS2\ArduinoCore\Debug\libArduinoCore.a(Print.o)
 .debug_info    0x0000e446      0x2cb C:\Users\Denis\Desktop\PS2\PS2\ArduinoCore\Debug\libArduinoCore.a(wiring.o)
 .debug_info    0x0000e711      0x26d C:\Users\Denis\Desktop\PS2\PS2\ArduinoCore\Debug\libArduinoCore.a(wiring_analog.o)
 .debug_info    0x0000e97e      0x5fe C:\Users\Denis\Desktop\PS2\PS2\ArduinoCore\Debug\libArduinoCore.a(wiring_digital.o)
 .debug_info    0x0000ef7c     0x4338 C:\Users\Denis\Desktop\PS2\PS2\ArduinoCore\Debug\libArduinoCore.a(WString.o)
 .debug_info    0x000132b4      0x9bc C:\Users\Denis\Desktop\PS2\PS2\ArduinoCore\Debug\libArduinoCore.a(PID_v1.o)
 .debug_info    0x00013c70       0x3e C:\Users\Denis\Desktop\PS2\PS2\ArduinoCore\Debug\libArduinoCore.a(hooks.o)

.debug_abbrev   0x00000000     0x2d5a
 *(.debug_abbrev)
 .debug_abbrev  0x00000000      0x5a2 c:/program files (x86)/atmel/studio/7.0/toolchain/avr8/avr8-gnu-toolchain/bin/../lib/gcc/avr/5.4.0/../../../../avr/lib/avr5/crtatmega328p.o
 .debug_abbrev  0x000005a2      0x1a2 EEPROM_Save/EEPROMsave_Structure.o
 .debug_abbrev  0x00000744      0x55f Menu/menu.o
 .debug_abbrev  0x00000ca3      0x118 Read_Temp/read_temp.o
 .debug_abbrev  0x00000dbb      0x309 Sketch.o
 .debug_abbrev  0x000010c4      0x478 C:\Users\Denis\Desktop\PS2\PS2\ArduinoCore\Debug\libArduinoCore.a(HardwareSerial.o)
 .debug_abbrev  0x0000153c      0x3b1 C:\Users\Denis\Desktop\PS2\PS2\ArduinoCore\Debug\libArduinoCore.a(HardwareSerial0.o)
 .debug_abbrev  0x000018ed      0x334 C:\Users\Denis\Desktop\PS2\PS2\ArduinoCore\Debug\libArduinoCore.a(LiquidCrystal.o)
 .debug_abbrev  0x00001c21      0x12d C:\Users\Denis\Desktop\PS2\PS2\ArduinoCore\Debug\libArduinoCore.a(main.o)
 .debug_abbrev  0x00001d4e      0x469 C:\Users\Denis\Desktop\PS2\PS2\ArduinoCore\Debug\libArduinoCore.a(Print.o)
 .debug_abbrev  0x000021b7      0x146 C:\Users\Denis\Desktop\PS2\PS2\ArduinoCore\Debug\libArduinoCore.a(wiring.o)
 .debug_abbrev  0x000022fd      0x16b C:\Users\Denis\Desktop\PS2\PS2\ArduinoCore\Debug\libArduinoCore.a(wiring_analog.o)
 .debug_abbrev  0x00002468      0x15b C:\Users\Denis\Desktop\PS2\PS2\ArduinoCore\Debug\libArduinoCore.a(wiring_digital.o)
 .debug_abbrev  0x000025c3      0x4c2 C:\Users\Denis\Desktop\PS2\PS2\ArduinoCore\Debug\libArduinoCore.a(WString.o)
 .debug_abbrev  0x00002a85      0x2ab C:\Users\Denis\Desktop\PS2\PS2\ArduinoCore\Debug\libArduinoCore.a(PID_v1.o)
 .debug_abbrev  0x00002d30       0x2a C:\Users\Denis\Desktop\PS2\PS2\ArduinoCore\Debug\libArduinoCore.a(hooks.o)

.debug_line     0x00000000     0x49a0
 *(.debug_line .debug_line.* .debug_line_end)
 .debug_line    0x00000000       0x1a c:/program files (x86)/atmel/studio/7.0/toolchain/avr8/avr8-gnu-toolchain/bin/../lib/gcc/avr/5.4.0/../../../../avr/lib/avr5/crtatmega328p.o
 .debug_line    0x0000001a      0x21f EEPROM_Save/EEPROMsave_Structure.o
 .debug_line    0x00000239      0xd6d Menu/menu.o
 .debug_line    0x00000fa6      0x158 Read_Temp/read_temp.o
 .debug_line    0x000010fe      0x3b0 Sketch.o
 .debug_line    0x000014ae      0x426 C:\Users\Denis\Desktop\PS2\PS2\ArduinoCore\Debug\libArduinoCore.a(HardwareSerial.o)
 .debug_line    0x000018d4      0x257 C:\Users\Denis\Desktop\PS2\PS2\ArduinoCore\Debug\libArduinoCore.a(HardwareSerial0.o)
 .debug_line    0x00001b2b      0x88b C:\Users\Denis\Desktop\PS2\PS2\ArduinoCore\Debug\libArduinoCore.a(LiquidCrystal.o)
 .debug_line    0x000023b6      0x165 C:\Users\Denis\Desktop\PS2\PS2\ArduinoCore\Debug\libArduinoCore.a(main.o)
 .debug_line    0x0000251b      0x626 C:\Users\Denis\Desktop\PS2\PS2\ArduinoCore\Debug\libArduinoCore.a(Print.o)
 .debug_line    0x00002b41      0x299 C:\Users\Denis\Desktop\PS2\PS2\ArduinoCore\Debug\libArduinoCore.a(wiring.o)
 .debug_line    0x00002dda      0x20f C:\Users\Denis\Desktop\PS2\PS2\ArduinoCore\Debug\libArduinoCore.a(wiring_analog.o)
 .debug_line    0x00002fe9      0x252 C:\Users\Denis\Desktop\PS2\PS2\ArduinoCore\Debug\libArduinoCore.a(wiring_digital.o)
 .debug_line    0x0000323b     0x1355 C:\Users\Denis\Desktop\PS2\PS2\ArduinoCore\Debug\libArduinoCore.a(WString.o)
 .debug_line    0x00004590      0x3cf C:\Users\Denis\Desktop\PS2\PS2\ArduinoCore\Debug\libArduinoCore.a(PID_v1.o)
 .debug_line    0x0000495f       0x41 C:\Users\Denis\Desktop\PS2\PS2\ArduinoCore\Debug\libArduinoCore.a(hooks.o)

.debug_frame    0x00000000     0x1b9c
 *(.debug_frame)
 .debug_frame   0x00000000       0x74 EEPROM_Save/EEPROMsave_Structure.o
 .debug_frame   0x00000074      0x1f0 Menu/menu.o
 .debug_frame   0x00000264       0x44 Read_Temp/read_temp.o
 .debug_frame   0x000002a8      0x11c Sketch.o
 .debug_frame   0x000003c4      0x110 C:\Users\Denis\Desktop\PS2\PS2\ArduinoCore\Debug\libArduinoCore.a(HardwareSerial.o)
 .debug_frame   0x000004d4       0xc0 C:\Users\Denis\Desktop\PS2\PS2\ArduinoCore\Debug\libArduinoCore.a(HardwareSerial0.o)
 .debug_frame   0x00000594      0x334 C:\Users\Denis\Desktop\PS2\PS2\ArduinoCore\Debug\libArduinoCore.a(LiquidCrystal.o)
 .debug_frame   0x000008c8       0x54 C:\Users\Denis\Desktop\PS2\PS2\ArduinoCore\Debug\libArduinoCore.a(main.o)
 .debug_frame   0x0000091c      0x38c C:\Users\Denis\Desktop\PS2\PS2\ArduinoCore\Debug\libArduinoCore.a(Print.o)
 .debug_frame   0x00000ca8       0xc4 C:\Users\Denis\Desktop\PS2\PS2\ArduinoCore\Debug\libArduinoCore.a(wiring.o)
 .debug_frame   0x00000d6c       0x54 C:\Users\Denis\Desktop\PS2\PS2\ArduinoCore\Debug\libArduinoCore.a(wiring_analog.o)
 .debug_frame   0x00000dc0       0x7c C:\Users\Denis\Desktop\PS2\PS2\ArduinoCore\Debug\libArduinoCore.a(wiring_digital.o)
 .debug_frame   0x00000e3c      0xa60 C:\Users\Denis\Desktop\PS2\PS2\ArduinoCore\Debug\libArduinoCore.a(WString.o)
 .debug_frame   0x0000189c      0x2dc C:\Users\Denis\Desktop\PS2\PS2\ArduinoCore\Debug\libArduinoCore.a(PID_v1.o)
 .debug_frame   0x00001b78       0x24 C:\Users\Denis\Desktop\PS2\PS2\ArduinoCore\Debug\libArduinoCore.a(hooks.o)

.debug_str      0x00000000     0x364f
 *(.debug_str)
 .debug_str     0x00000000      0x208 c:/program files (x86)/atmel/studio/7.0/toolchain/avr8/avr8-gnu-toolchain/bin/../lib/gcc/avr/5.4.0/../../../../avr/lib/avr5/crtatmega328p.o
 .debug_str     0x00000208      0x618 EEPROM_Save/EEPROMsave_Structure.o
                                0x674 (size before relaxing)
 .debug_str     0x00000820     0x10e7 Menu/menu.o
                               0x17a9 (size before relaxing)
 .debug_str     0x00001907       0x76 Read_Temp/read_temp.o
                                0x2a7 (size before relaxing)
 .debug_str     0x0000197d      0x35b Sketch.o
                                0xc9b (size before relaxing)
 .debug_str     0x00001cd8      0x840 C:\Users\Denis\Desktop\PS2\PS2\ArduinoCore\Debug\libArduinoCore.a(HardwareSerial.o)
                               0x1345 (size before relaxing)
 .debug_str     0x00002518       0x47 C:\Users\Denis\Desktop\PS2\PS2\ArduinoCore\Debug\libArduinoCore.a(HardwareSerial0.o)
                               0x1145 (size before relaxing)
 .debug_str     0x0000255f      0x5a7 C:\Users\Denis\Desktop\PS2\PS2\ArduinoCore\Debug\libArduinoCore.a(LiquidCrystal.o)
                                0x8c9 (size before relaxing)
 .debug_str     0x00002b06       0x37 C:\Users\Denis\Desktop\PS2\PS2\ArduinoCore\Debug\libArduinoCore.a(main.o)
                                0x290 (size before relaxing)
 .debug_str     0x00002b3d      0x36e C:\Users\Denis\Desktop\PS2\PS2\ArduinoCore\Debug\libArduinoCore.a(Print.o)
                               0x11d5 (size before relaxing)
 .debug_str     0x00002eab      0x14a C:\Users\Denis\Desktop\PS2\PS2\ArduinoCore\Debug\libArduinoCore.a(wiring.o)
                                0x226 (size before relaxing)
 .debug_str     0x00002ff5       0x5b C:\Users\Denis\Desktop\PS2\PS2\ArduinoCore\Debug\libArduinoCore.a(wiring_analog.o)
                                0x22a (size before relaxing)
 .debug_str     0x00003050       0xa9 C:\Users\Denis\Desktop\PS2\PS2\ArduinoCore\Debug\libArduinoCore.a(wiring_digital.o)
                                0x28b (size before relaxing)
 .debug_str     0x000030f9      0x402 C:\Users\Denis\Desktop\PS2\PS2\ArduinoCore\Debug\libArduinoCore.a(WString.o)
                               0x1171 (size before relaxing)
 .debug_str     0x000034fb       0x6c C:\Users\Denis\Desktop\PS2\PS2\ArduinoCore\Debug\libArduinoCore.a(PID_v1.o)
                                0x504 (size before relaxing)
 .debug_str     0x00003567       0xe8 C:\Users\Denis\Desktop\PS2\PS2\ArduinoCore\Debug\libArduinoCore.a(hooks.o)
                                0x12f (size before relaxing)

.debug_loc      0x00000000     0xa346
 *(.debug_loc)
 .debug_loc     0x00000000      0x352 EEPROM_Save/EEPROMsave_Structure.o
 .debug_loc     0x00000352      0x68a Menu/menu.o
 .debug_loc     0x000009dc      0x14a Read_Temp/read_temp.o
 .debug_loc     0x00000b26      0x241 Sketch.o
 .debug_loc     0x00000d67      0x497 C:\Users\Denis\Desktop\PS2\PS2\ArduinoCore\Debug\libArduinoCore.a(HardwareSerial.o)
 .debug_loc     0x000011fe      0x161 C:\Users\Denis\Desktop\PS2\PS2\ArduinoCore\Debug\libArduinoCore.a(HardwareSerial0.o)
 .debug_loc     0x0000135f     0x1a48 C:\Users\Denis\Desktop\PS2\PS2\ArduinoCore\Debug\libArduinoCore.a(LiquidCrystal.o)
 .debug_loc     0x00002da7     0x1c61 C:\Users\Denis\Desktop\PS2\PS2\ArduinoCore\Debug\libArduinoCore.a(Print.o)
 .debug_loc     0x00004a08      0x28d C:\Users\Denis\Desktop\PS2\PS2\ArduinoCore\Debug\libArduinoCore.a(wiring.o)
 .debug_loc     0x00004c95       0xfe C:\Users\Denis\Desktop\PS2\PS2\ArduinoCore\Debug\libArduinoCore.a(wiring_analog.o)
 .debug_loc     0x00004d93      0x5fc C:\Users\Denis\Desktop\PS2\PS2\ArduinoCore\Debug\libArduinoCore.a(wiring_digital.o)
 .debug_loc     0x0000538f     0x422d C:\Users\Denis\Desktop\PS2\PS2\ArduinoCore\Debug\libArduinoCore.a(WString.o)
 .debug_loc     0x000095bc      0xd8a C:\Users\Denis\Desktop\PS2\PS2\ArduinoCore\Debug\libArduinoCore.a(PID_v1.o)

.debug_macinfo
 *(.debug_macinfo)

.debug_weaknames
 *(.debug_weaknames)

.debug_funcnames
 *(.debug_funcnames)

.debug_typenames
 *(.debug_typenames)

.debug_varnames
 *(.debug_varnames)

.debug_pubtypes
 *(.debug_pubtypes)

.debug_ranges   0x00000000      0x880
 *(.debug_ranges)
 .debug_ranges  0x00000000       0x18 EEPROM_Save/EEPROMsave_Structure.o
 .debug_ranges  0x00000018       0xf8 Menu/menu.o
 .debug_ranges  0x00000110       0x10 Read_Temp/read_temp.o
 .debug_ranges  0x00000120       0x38 Sketch.o
 .debug_ranges  0x00000158       0x70 C:\Users\Denis\Desktop\PS2\PS2\ArduinoCore\Debug\libArduinoCore.a(HardwareSerial.o)
 .debug_ranges  0x000001c8       0x28 C:\Users\Denis\Desktop\PS2\PS2\ArduinoCore\Debug\libArduinoCore.a(HardwareSerial0.o)
 .debug_ranges  0x000001f0      0x168 C:\Users\Denis\Desktop\PS2\PS2\ArduinoCore\Debug\libArduinoCore.a(LiquidCrystal.o)
 .debug_ranges  0x00000358       0x20 C:\Users\Denis\Desktop\PS2\PS2\ArduinoCore\Debug\libArduinoCore.a(main.o)
 .debug_ranges  0x00000378      0x110 C:\Users\Denis\Desktop\PS2\PS2\ArduinoCore\Debug\libArduinoCore.a(Print.o)
 .debug_ranges  0x00000488       0x38 C:\Users\Denis\Desktop\PS2\PS2\ArduinoCore\Debug\libArduinoCore.a(wiring.o)
 .debug_ranges  0x000004c0       0x20 C:\Users\Denis\Desktop\PS2\PS2\ArduinoCore\Debug\libArduinoCore.a(wiring_analog.o)
 .debug_ranges  0x000004e0       0x28 C:\Users\Denis\Desktop\PS2\PS2\ArduinoCore\Debug\libArduinoCore.a(wiring_digital.o)
 .debug_ranges  0x00000508      0x2f8 C:\Users\Denis\Desktop\PS2\PS2\ArduinoCore\Debug\libArduinoCore.a(WString.o)
 .debug_ranges  0x00000800       0x70 C:\Users\Denis\Desktop\PS2\PS2\ArduinoCore\Debug\libArduinoCore.a(PID_v1.o)
 .debug_ranges  0x00000870       0x10 C:\Users\Denis\Desktop\PS2\PS2\ArduinoCore\Debug\libArduinoCore.a(hooks.o)

.debug_macro
 *(.debug_macro)
OUTPUT(ps.elf elf32-avr)
LOAD linker stubs
